2025-04-04 04:46:27.301413 - Received CBT.V508.FILE127.PDS from FILE127.XMI 
2025-04-04 04:46:27.302895 - Found $$$#DATE.txt (text/plain) in CBT.V508.FILE127.PDS, moved to PDS/$$$#DATE
2025-04-04 04:46:27.303036 - Found $DOC.txt (text/plain) in CBT.V508.FILE127.PDS, moved to PDS/$DOC
2025-04-04 04:46:27.303183 - Found $JCL.jcl (text/plain) in CBT.V508.FILE127.PDS, moved to PDS/$JCL
2025-04-04 04:46:27.303341 - Found @ENT.txt (text/plain) in CBT.V508.FILE127.PDS, moved to PDS/@ENT
2025-04-04 04:46:27.303461 - Found @FILE127.txt (text/plain) in CBT.V508.FILE127.PDS, moved to PDS/@FILE127
2025-04-04 04:46:27.303578 - Found @RET.txt (text/plain) in CBT.V508.FILE127.PDS, moved to PDS/@RET
2025-04-04 04:46:27.303793 - Found @STCK.txt (text/plain) in CBT.V508.FILE127.PDS, moved to PDS/@STCK
2025-04-04 04:46:27.303907 - Found CLEAR.txt (text/plain) in CBT.V508.FILE127.PDS, moved to PDS/CLEAR
2025-04-04 04:46:27.304022 - Found CONV.txt (text/plain) in CBT.V508.FILE127.PDS, moved to PDS/CONV
2025-04-04 04:46:27.304149 - Found ENTER.txt (text/plain) in CBT.V508.FILE127.PDS, moved to PDS/ENTER
2025-04-04 04:46:27.304267 - Found ENTERX.txt (text/plain) in CBT.V508.FILE127.PDS, moved to PDS/ENTERX
2025-04-04 04:46:27.304378 - Found LEAVE.txt (text/plain) in CBT.V508.FILE127.PDS, moved to PDS/LEAVE
2025-04-04 04:46:27.304490 - Found MSG.txt (text/plain) in CBT.V508.FILE127.PDS, moved to PDS/MSG
2025-04-04 04:46:27.304611 - Found PDEDSNAM.txt (text/plain) in CBT.V508.FILE127.PDS, moved to PDS/PDEDSNAM
2025-04-04 04:46:27.304731 - Found REGS.txt (text/plain) in CBT.V508.FILE127.PDS, moved to PDS/REGS
2025-04-04 04:46:27.304870 - Found SYSGET.txt (text/plain) in CBT.V508.FILE127.PDS, moved to PDS/SYSGET
2025-04-04 04:46:27.304992 - Found SYSPUT.txt (text/plain) in CBT.V508.FILE127.PDS, moved to PDS/SYSPUT
2025-04-04 04:46:27.305156 - Found TSCALL.txt (text/plain) in CBT.V508.FILE127.PDS, moved to PDS/TSCALL
2025-04-04 04:46:27.305276 - Found TSCVDAT.txt (text/plain) in CBT.V508.FILE127.PDS, moved to PDS/TSCVDAT
2025-04-04 04:46:27.305410 - Found TSCVDATE.txt (text/plain) in CBT.V508.FILE127.PDS, moved to PDS/TSCVDATE
2025-04-04 04:46:27.305533 - Found TSDYNLXA.txt (text/plain) in CBT.V508.FILE127.PDS, moved to PDS/TSDYNLXA
2025-04-04 04:46:27.305652 - Found TSENQSP3.txt (text/plain) in CBT.V508.FILE127.PDS, moved to PDS/TSENQSP3
2025-04-04 04:46:27.305826 - Found TSGTFMAP.txt (text/plain) in CBT.V508.FILE127.PDS, moved to PDS/TSGTFMAP
2025-04-04 04:46:27.305983 - Found TSSPACE.txt (text/plain) in CBT.V508.FILE127.PDS, moved to PDS/TSSPACE
2025-04-04 04:46:27.306105 - Found TSSYSTEM.txt (text/plain) in CBT.V508.FILE127.PDS, moved to PDS/TSSYSTEM
2025-04-04 04:46:27.306216 - Found VTCALL.txt (text/plain) in CBT.V508.FILE127.PDS, moved to PDS/VTCALL
2025-04-04 04:46:27.306331 - Found VTEXCP.txt (text/plain) in CBT.V508.FILE127.PDS, moved to PDS/VTEXCP
2025-04-04 04:46:27.306449 - Found VTFMT.txt (text/plain) in CBT.V508.FILE127.PDS, moved to PDS/VTFMT
2025-04-04 04:46:27.307508 - Found VTOC.txt (text/plain) in CBT.V508.FILE127.PDS, moved to PDS/VTOC
2025-04-04 04:46:27.307648 - Found VTOCMSG.txt (text/plain) in CBT.V508.FILE127.PDS, moved to PDS/VTOCMSG
2025-04-04 04:46:27.307769 - Found VTOCOM.txt (text/plain) in CBT.V508.FILE127.PDS, moved to PDS/VTOCOM
2025-04-04 04:46:27.307889 - Found VTOCPARS.txt (text/plain) in CBT.V508.FILE127.PDS, moved to PDS/VTOCPARS
